[aerospaceengineeringblog.com/index.html]
[backblue.gif]
[fade.gif]
[index.html]
[aerospaceengineeringblog.com/wp-content/uploads/2012/08/f-_0000_AE-logo-c2-e1345059131185.png]
[aerospaceengineeringblog.com/wp-includes/js/jquery/jquery.mina7a0.js]
[aerospaceengineeringblog.com/wp-includes/js/jquery/jquery-migrate.mind617.js]
[aerospaceengineeringblog.com/wp-content/plugins/wordpress-popular-posts/assets/js/wpp.min52c7.js]
[aerospaceengineeringblog.com/wp-json/index.html]
[aerospaceengineeringblog.com/xmlrpc0db0.php]
[aerospaceengineeringblog.com/wp-content/uploads/2012/08/f-_0001_AE-logo-c1-e1345058764349.png]
[aerospaceengineeringblog.com/feed/podcast/index.html]
[aerospaceengineeringblog.com/about/start-here/index.html]
[aerospaceengineeringblog.com/wp-content/themes/platform/images/search-btn.png]
[aerospaceengineeringblog.com/newsletter/index.html]
[aerospaceengineeringblog.com/wp-content/uploads/2021/03/9TLabs.jpg]
[aerospaceengineeringblog.com/about/index.html]
[aerospaceengineeringblog.com/wp-content/uploads/2021/03/9TLabs-300x91.jpg]
[aerospaceengineeringblog.com/about/copyright/index.html]
[aerospaceengineeringblog.com/privacy-policy/index.html]
[aerospaceengineeringblog.com/_49_9T_Labs_is_Producing_High-Performance_Composite_Materials_Through_3D_Printing9n41v.mp3]
[aerospaceengineeringblog.com/aerospace-engineering-podcast/index.html]
[aerospaceengineeringblog.com/downloads/index.html]
[aerospaceengineeringblog.com/contact/index.html]
[aerospaceengineeringblog.com/books/index.html]
[aerospaceengineeringblog.com/support/index.html]
[aerospaceengineeringblog.com/wp-content/uploads/2021/02/FM_LogoLockUp_GradiantRGB.png]
[aerospaceengineeringblog.com/category/3d-printing/index.html]
[aerospaceengineeringblog.com/9t-labs/index.html]
[aerospaceengineeringblog.com/category/composite-materials/index.html]
[aerospaceengineeringblog.com/wp-content/uploads/2021/02/FM_LogoLockUp_GradiantRGB-300x60.png]
[aerospaceengineeringblog.com/category/manufacturing/index.html]
[aerospaceengineeringblog.com/category/podcast/index.html]
[aerospaceengineeringblog.com/_48_Engineering_Complex_Systems_for_Harsh_Environments_with_First_Mode9ohu3.mp3]
[aerospaceengineeringblog.com/category/structural-efficiency/index.html]
[aerospaceengineeringblog.com/index29d4.html]
[aerospaceengineeringblog.com/_https_/aerospaceengineeringblog.com/index92ae.html]
[aerospaceengineeringblog.com/wp-content/uploads/2021/02/CarlCopeland.png]
[aerospaceengineeringblog.com/wp-content/uploads/2021/02/CarlCopeland-214x300.png]
[aerospaceengineeringblog.com/_47_M_bius_Aero_and_M_Z_Motion__a_winning_team_for_electric_air_racingbiofj.mp3]
[aerospaceengineeringblog.com/tag/3d-printing/index.html]
[aerospaceengineeringblog.com/tag/aerospace-engineering/index.html]
[aerospaceengineeringblog.com/wp-content/uploads/2021/01/index.png]
[aerospaceengineeringblog.com/tag/manufacturing/index.html]
[aerospaceengineeringblog.com/first-mode/index.html]
[aerospaceengineeringblog.com/wp-content/uploads/2021/01/steering.png]
[aerospaceengineeringblog.com/category/design/index.html]
[aerospaceengineeringblog.com/category/nasa/index.html]
[aerospaceengineeringblog.com/_46_Tow-steered_composite_materials_with_iCOMAT_Ltd76rrn.mp3]
[aerospaceengineeringblog.com/_https_/aerospaceengineeringblog.com/index36be.html]
[aerospaceengineeringblog.com/wp-content/uploads/2020/12/Unknown-1-6.jpg]
[aerospaceengineeringblog.com/_45_Industrialising_rocket_science_with_Rocket_Factory_Augsburgatvfw.mp3]
[aerospaceengineeringblog.com/wp-content/uploads/2020/11/5edc6fb678f9a03a79140cec_Airflow-eSTOL-hero-1600x822-1.jpg]
[aerospaceengineeringblog.com/tag/mars/index.html]
[aerospaceengineeringblog.com/tag/nasa/index.html]
[aerospaceengineeringblog.com/mobius-aero/index.html]
[aerospaceengineeringblog.com/_https_/aerospaceengineeringblog.com/index9578.html]
[aerospaceengineeringblog.com/_44_Airflow_is_building_an_eSTOL_aircraft_for_middle-mile_logisticsb0wbd.26.delayed]
[aerospaceengineeringblog.com/category/propulsion/index.html]
[aerospaceengineeringblog.com/wp-content/uploads/2020/10/JohnWilliams.jpg]
[aerospaceengineeringblog.com/_43_Dr_John_Williams_on_Air-Breathing_Rocket_Engines8mxoz.mp3]
[aerospaceengineeringblog.com/tag/air-racing/index.html]
[aerospaceengineeringblog.com/tag/electric-aviation/index.html]
[aerospaceengineeringblog.com/index383e.html]
[aerospaceengineeringblog.com/wp-content/uploads/2020/10/nearearth.png]
[aerospaceengineeringblog.com/tow-steered-composites/index.html]
[aerospaceengineeringblog.com/_https_/aerospaceengineeringblog.com/indexca6f.html]
[aerospaceengineeringblog.com/_42_Autonomous_Helicopters_with_Near_Earth_Autonomy7lmte.mp3]
[aerospaceengineeringblog.com/wp-content/uploads/2020/09/alpine_sm.png]
[aerospaceengineeringblog.com/tag/lightweight/index.html]
[aerospaceengineeringblog.com/tag/composite-material/index.html]
[aerospaceengineeringblog.com/tag/tow-steering/index.html]
[aerospaceengineeringblog.com/rocket-factory/index.html]
[aerospaceengineeringblog.com/_41_Alpine_Advanced_Materials_and_the_ultralight_nanocomposite_material_HX5_9hhn1.mp3]
[aerospaceengineeringblog.com/category/rocket-science/index.html]
[aerospaceengineeringblog.com/index4c74.html]
[aerospaceengineeringblog.com/category/startup/index.html]
[aerospaceengineeringblog.com/wp-content/uploads/2020/09/Aerospace-White-Paper.pdf]
[aerospaceengineeringblog.com/_https_/aerospaceengineeringblog.com/indexbbb3.html]
[aerospaceengineeringblog.com/wp-content/uploads/2020/09/SatRevolution.png]
[aerospaceengineeringblog.com/_40_Earth-observation_satellite_constellations_with_Sat_Revolutionbncmu.mp3]
[aerospaceengineeringblog.com/tag/startup/index.html]
[aerospaceengineeringblog.com/tag/rocket-science/index.html]
[aerospaceengineeringblog.com/airflow-estol/index.html]
[aerospaceengineeringblog.com/category/aircraft/index.html]
[aerospaceengineeringblog.com/wp-content/themes/platform/images/pagelines.png]
[aerospaceengineeringblog.com/category/stol/index.html]
[aerospaceengineeringblog.com/indexf8c5.html]
[aerospaceengineeringblog.com/_https_/aerospaceengineeringblog.com/index86cb.html]
[aerospaceengineeringblog.com/wp-content/themes/platform/sections/nav/superfish5152.js]
[aerospaceengineeringblog.com/category/autonomy/index.html]
[aerospaceengineeringblog.com/wp-content/themes/platform/sections/nav/jquery.bgiframe.min5152.js]
[aerospaceengineeringblog.com/wp-content/plugins/jetpack/_inc/build/widgets/eu-cookie-law/eu-cookie-law.min8e70.js]
[aerospaceengineeringblog.com/tag/aerospace/index.html]
[aerospaceengineeringblog.com/wp-content/plugins/boxzilla/assets/js/script.min1f9e.js]
[aerospaceengineeringblog.com/tag/aircraft-design/index.html]
[aerospaceengineeringblog.com/wp-content/plugins/jetpack/_inc/build/carousel/jetpack-carousel.mine4de.js]
[aerospaceengineeringblog.com/air-breathing-rocket-engine/index.html]
[aerospaceengineeringblog.com/indexeee7.html]
[aerospaceengineeringblog.com/_https_/aerospaceengineeringblog.com/index4d52.html]
[aerospaceengineeringblog.com/wp-content/plugins/powerpress/player.min9b2d.js]
[aerospaceengineeringblog.com/wp-includes/js/mediaelement/mediaelement-and-player.min1f61.js]
[aerospaceengineeringblog.com/wp-includes/js/mediaelement/mediaelement-migrate.min9b2d.js]
[aerospaceengineeringblog.com/wp-includes/js/mediaelement/wp-mediaelement.min9b2d.js]
[aerospaceengineeringblog.com/tag/engineering/index.html]
[aerospaceengineeringblog.com/tag/space/index.html]
[aerospaceengineeringblog.com/near-earth/index.html]
[aerospaceengineeringblog.com/wp-content/plugins/jetpack/_inc/build/likes/queuehandler.mine4de.js]
[aerospaceengineeringblog.com/category/helicopters/index.html]
[aerospaceengineeringblog.com/category/vtol/index.html]
[aerospaceengineeringblog.com/index8bd3.html]
[aerospaceengineeringblog.com/_https_/aerospaceengineeringblog.com/index4818.html]
[aerospaceengineeringblog.com/wp-content/plugins/mailchimp-for-wp/assets/js/formse0ed.js]
[aerospaceengineeringblog.com/wp-content/plugins/jetpack/_inc/build/sharedaddy/sharing.mine4de.js]
[aerospaceengineeringblog.com/index.html]
[stats.wp.com/e-202245.js]
[aerospaceengineeringblog.com/tag/helicopters/index.html]
[aerospaceengineeringblog.com/tag/autonomy/index.html]
[aerospaceengineeringblog.com/tag/vtol/index.html]
[aerospaceengineeringblog.com/alpine-advanced-materials/index.html]
[aerospaceengineeringblog.com/category/nanomaterials/index.html]
[aerospaceengineeringblog.com/index02c8.html]
[aerospaceengineeringblog.com/wp-content/themes/platform/images/more-black.png]
[aerospaceengineeringblog.com/category/structural-optimisation/index.html]
[aerospaceengineeringblog.com/_https_/aerospaceengineeringblog.com/indexb238.html]
[aerospaceengineeringblog.com/wp-content/themes/platform/images/button-grey-up.png]
[aerospaceengineeringblog.com/wp-content/themes/platform/images/button-grey-down.png]
[aerospaceengineeringblog.com/wp-content/themes/platform/images/more.png]
[aerospaceengineeringblog.com/wp-content/themes/platform/images/sprite-socialicons.png]
[aerospaceengineeringblog.com/tag/composite-materials/index.html]
[aerospaceengineeringblog.com/wp-content/themes/platform/images/post-previous.gif]
[aerospaceengineeringblog.com/tag/materials/index.html]
[aerospaceengineeringblog.com/satrevolution/index.html]
[aerospaceengineeringblog.com/category/satellites/index.html]
[aerospaceengineeringblog.com/index3bc2.html]
[aerospaceengineeringblog.com/wp-content/themes/platform/images/post-next.gif]
[aerospaceengineeringblog.com/_https_/aerospaceengineeringblog.com/indexdf29.html]
[aerospaceengineeringblog.com/wp-content/themes/platform/images/morearrow.png]
[aerospaceengineeringblog.com/wp-content/themes/platform/images/icon-comment.png]
[aerospaceengineeringblog.com/wp-content/themes/platform/images/icon-pencil.png]
[aerospaceengineeringblog.com/tag/earth-observation/index.html]
[aerospaceengineeringblog.com/wp-content/themes/platform/images/twitter-balloon.png]
[aerospaceengineeringblog.com/wp-content/themes/platform/style8d1e.css]
[aerospaceengineeringblog.com/tag/satellites/index.html]
[aerospaceengineeringblog.com/boundary-layer-separation-and-pressure-drag/index.html]
[aerospaceengineeringblog.com/boundary-layers/index.html]
[aerospaceengineeringblog.com/wp-includes/css/dist/block-library/style.min9b2d.css]
[aerospaceengineeringblog.com/page/2/index.html]
[aerospaceengineeringblog.com/aircraft-structures/index.html]
[aerospaceengineeringblog.com/jet-engine-design-afterburning/index.html]
[aerospaceengineeringblog.com/jet-engine-turbine/index.html]
[aerospaceengineeringblog.com/category/aerodynamics/index.html]
[aerospaceengineeringblog.com/category/aerospace-engineering/index.html]
[aerospaceengineeringblog.com/wp-includes/js/mediaelement/mediaelementplayer-legacy.min1f61.css]
[aerospaceengineeringblog.com/category/air-to-air-refuelling/index.html]
[aerospaceengineeringblog.com/wp-includes/js/mediaelement/wp-mediaelement.min9b2d.css]
[aerospaceengineeringblog.com/category/bio-mimicry/index.html]
[aerospaceengineeringblog.com/category/composites/index.html]
[aerospaceengineeringblog.com/category/case-studies/index.html]
[aerospaceengineeringblog.com/wp-includes/css/classic-themes.min68b3.css]
[aerospaceengineeringblog.com/category/computational-fluid-dynamics/index.html]
[aerospaceengineeringblog.com/category/contra-rotation/index.html]
[aerospaceengineeringblog.com/wp-content/plugins/mailchimp-for-wp/assets/css/form-themese0ed.css]
[aerospaceengineeringblog.com/category/drones/index.html]
[aerospaceengineeringblog.com/category/digitisation/index.html]
[aerospaceengineeringblog.com/wp-content/plugins/wordpress-popular-posts/assets/css/wpp52c7.css]
[aerospaceengineeringblog.com/category/education/index.html]
[aerospaceengineeringblog.com/category/engineering/index.html]
[aerospaceengineeringblog.com/category/general-aerospace/index.html]
[aerospaceengineeringblog.com/category/gliders/index.html]
[aerospaceengineeringblog.com/category/history/index.html]
[aerospaceengineeringblog.com/category/jet-engines/index.html]
[aerospaceengineeringblog.com/category/machine-learning/index.html]
[aerospaceengineeringblog.com/wp-content/plugins/forget-about-shortcode-buttons/public/css/button-styles431f.css]
[aerospaceengineeringblog.com/category/military/index.html]
[aerospaceengineeringblog.com/category/modelling/index.html]
[aerospaceengineeringblog.com/category/news/index.html]
[aerospaceengineeringblog.com/category/nonlinear-structures/index.html]
[aerospaceengineeringblog.com/wp-content/plugins/jetpack/_inc/social-logos/social-logosc8bb.eot]
[aerospaceengineeringblog.com/category/personal-aviation/index.html]
[aerospaceengineeringblog.com/wp-content/plugins/jetpack/_inc/social-logos/social-logosc8bb.ttf]
[aerospaceengineeringblog.com/wp-content/plugins/jetpack/_inc/social-logos/social-logos.mine4de.css]
[aerospaceengineeringblog.com/category/renewables/index.html]
[aerospaceengineeringblog.com/category/renewable-energy/index.html]
[aerospaceengineeringblog.com/category/shape-adaptation/index.html]
[aerospaceengineeringblog.com/category/smart-materials/index.html]
[aerospaceengineeringblog.com/category/space-junk/index.html]
[aerospaceengineeringblog.com/category/structural-mechanics/index.html]
[aerospaceengineeringblog.com/wp-content/plugins/jetpack/modules/shortcodes/img/slideshow-controls.png]
[aerospaceengineeringblog.com/category/superalloys/index.html]
[aerospaceengineeringblog.com/wp-content/plugins/jetpack/modules/shortcodes/img/slideshow-controls-2x.png]
[aerospaceengineeringblog.com/category/supersonic-flight/index.html]
[aerospaceengineeringblog.com/category/technology/index.html]
[aerospaceengineeringblog.com/category/uavs/index.html]
[aerospaceengineeringblog.com/wp-content/plugins/jetpack/modules/shortcodes/images/slide-nav.png]
[aerospaceengineeringblog.com/category/virtual-reality/index.html]
[aerospaceengineeringblog.com/wp-content/plugins/jetpack/modules/shortcodes/images/expand.png]
[aerospaceengineeringblog.com/wp-content/plugins/jetpack/modules/shortcodes/images/collapse.png]
[secure.gravatar.com/images/grav-share-sprite.png]
[aerospaceengineeringblog.com/wp-content/plugins/jetpack/css/jetpacke4de.css]
[aerospaceengineeringblog.com/wp-content/themes/platform/sections/nav/images/shadow.png]
[aerospaceengineeringblog.com/wp-content/themes/platform/sections/nav/images/arrows-ffffff.png]
[aerospaceengineeringblog.com/wp-content/themes/platform/sections/nav/superfishc2d0.css]
[aerospaceengineeringblog.com/wp-includes/wlwmanifest.html]
[aerospaceengineeringblog.com/wp-content/themes/platform/css/dynamicfc90.css]
[aerospaceengineeringblog.com/wp-json/wp/v2/pages/1728.json]
[aerospaceengineeringblog.com/wp-json/oembed/1.0/embed1fe6.json]
[aerospaceengineeringblog.com/wp-json/oembed/1.0/embed6dd6]
[aerospaceengineeringblog.com/wp-includes/js/comment-reply.min9b2d.js]
[aerospaceengineeringblog.com/about/start-here/index.html]
[aerospaceengineeringblog.com/rocket-science-101-operating-principles/index.html]
[aerospaceengineeringblog.com/podcast/index.html]
[aerospaceengineeringblog.com/history-of-rocket-science/index.html]
[aerospaceengineeringblog.com/rocket-science-101-fuel-engine-nozzle/index.html]
[aerospaceengineeringblog.com/supersonic-aerodynamics-designing-rocket-nozzles/index.html]
[aerospaceengineeringblog.com/rocket-science-101-lightweight-rocket-shells/index.html]
[aerospaceengineeringblog.com/jet-engine-design/index.html]
[aerospaceengineeringblog.com/jet-the-engine-history/index.html]
[aerospaceengineeringblog.com/jet-engine-compressor/index.html]
[aerospaceengineeringblog.com/turbine-cooling/index.html]
[aerospaceengineeringblog.com/wp-json/wp/v2/pages/983.json]
[aerospaceengineeringblog.com/thrust-reversal/index.html]
[aerospaceengineeringblog.com/the-scramjet/index.html]
[aerospaceengineeringblog.com/composite-materials/index.html]
[aerospaceengineeringblog.com/wp-json/oembed/1.0/embedb04c.json]
[aerospaceengineeringblog.com/composite-manufacturing/index.html]
[aerospaceengineeringblog.com/autoclave-variability/index.html]
[aerospaceengineeringblog.com/sandwich-panel/index.html]
[aerospaceengineeringblog.com/wp-json/oembed/1.0/embed4ab1]
[aerospaceengineeringblog.com/newsletter/index.html]
[aerospaceengineeringblog.com/composite-materials-wind-energy/index.html]
[aerospaceengineeringblog.com/defects-and-non-destructive-testing-in-composites/index.html]
[aerospaceengineeringblog.com/variable-stiffness-composites/index.html]
[aerospaceengineeringblog.com/developments-in-composite-materials/index.html]
[aerospaceengineeringblog.com/the-evolution-of-airplanes/index.html]
[aerospaceengineeringblog.com/antifragility-and-aircraft-design/index.html]
[aerospaceengineeringblog.com/wp-json/wp/v2/pages/6.json]
[aerospaceengineeringblog.com/from-glider-to-wii-fighter-lessons-learned-from-glider-design/index.html]
[aerospaceengineeringblog.com/risk-failure-complexity/index.html]
[aerospaceengineeringblog.com/why-are-aircraft-not-made-of-glass/index.html]
[aerospaceengineeringblog.com/wp-json/oembed/1.0/embed8d34.json]
[aerospaceengineeringblog.com/loads-on-aircraft/index.html]
[aerospaceengineeringblog.com/aircraft-structural-design/index.html]
[aerospaceengineeringblog.com/dehavilland-comet-crash/index.html]
[aerospaceengineeringblog.com/wp-json/oembed/1.0/embed3b42]
[aerospaceengineeringblog.com/the-mystery-of-wing-twisting/index.html]
[aerospaceengineeringblog.com/how-do-wings-work/index.html]
[aerospaceengineeringblog.com/the-navier-stokes-equation/index.html]
[aerospaceengineeringblog.com/wind-tunnel-testing/index.html]
[aerospaceengineeringblog.com/aeroelasticity-composites-and-the-grumman-x-29/index.html]
[commons.wikimedia.org/wiki/File_Orville_Wright&flyer1909.html]
[aerospaceengineeringblog.com/human-fallibility-in-aviation/index.html]
[aerospaceengineeringblog.com/human-fallibility-in-aviation-ii-case-study/index.html]
[aerospaceengineeringblog.com/how-quickly-do-gas-bubbles-rise-in-a-pint-of-beer/index.html]
[aerospaceengineeringblog.com/three-essential-engineering-skills-and-the-state-of-modern-technology/index.html]
[upload.wikimedia.org/wikipedia/commons/thumb/e/e5/Orville_Wright&flyer1909.jpg/512px-Orville_Wright&flyer1909.jpg]
[aerospaceengineeringblog.com/the-dangers-of-outsourcing/index.html]
[aerospaceengineeringblog.com/engineering-a-manifesto/index.html]
[c6.patreon.com/becomePatronButton.bundle.js]
[aerospaceengineeringblog.com/wp-content/plugins/akismet/_inc/akismet-frontend0788.js]
[aerospaceengineeringblog.com/about/index.html]
[aerospaceengineeringblog.com/about/index965c.html]
[aerospaceengineeringblog.com/about/indexffbc.html]
[aerospaceengineeringblog.com/about/index7dc1.html]
[aerospaceengineeringblog.com/about/index34a6.html]
[aerospaceengineeringblog.com/about/indexd0cc.html]
[aerospaceengineeringblog.com/about/indexd0da.html]
[aerospaceengineeringblog.com/wp-json/wp/v2/pages/1109.json]
[aerospaceengineeringblog.com/wp-json/oembed/1.0/embed1637.json]
[aerospaceengineeringblog.com/wp-json/oembed/1.0/embedef50]
[licensebuttons.net/l/by-nc/4.0/88x31.png]
[aerospaceengineeringblog.com/about/copyright/index.html]
[aerospaceengineeringblog.com/wp-json/wp/v2/pages/2251.json]
[aerospaceengineeringblog.com/wp-json/oembed/1.0/embed6fd4.json]
[aerospaceengineeringblog.com/wp-json/oembed/1.0/embedd93e]
[aerospaceengineeringblog.com/privacy-policy/index.html]
[aerospaceengineeringblog.com/wp-json/wp/v2/pages/587.json]
[aerospaceengineeringblog.com/wp-json/oembed/1.0/embed7a13.json]
[aerospaceengineeringblog.com/wp-json/oembed/1.0/embedd2a9]
[aerospaceengineeringblog.com/wp-content/uploads/2013/03/PhD_Thesis_DigitalVersion-1.pdf]
[aerospaceengineeringblog.com/a-vision-for-shape-adaptive-aircraft/index.html]
[aerospaceengineeringblog.com/contact/indexa8be.html]
[aerospaceengineeringblog.com/contact/index1288.html]
[aerospaceengineeringblog.com/contact/index.html]
[aerospaceengineeringblog.com/contact/index30e5.html]
[aerospaceengineeringblog.com/contact/indexa91f.html]
[aerospaceengineeringblog.com/contact/index4306.html]
[aerospaceengineeringblog.com/contact/indexdb2f.html]
[aerospaceengineeringblog.com/contact/index14f9.html]
[aerospaceengineeringblog.com/wp-json/wp/v2/pages/1952.json]
[aerospaceengineeringblog.com/contact/index2e85.html]
[aerospaceengineeringblog.com/contact/index2a81.html]
[aerospaceengineeringblog.com/contact/index55df.html]
[aerospaceengineeringblog.com/wp-json/oembed/1.0/embed2648.json]
[aerospaceengineeringblog.com/contact/indexbad2.html]
[aerospaceengineeringblog.com/contact/indexa985.html]
[aerospaceengineeringblog.com/contact/index4bdc.html]
[aerospaceengineeringblog.com/wp-json/oembed/1.0/embedc9fd]
[aerospaceengineeringblog.com/contact/indexbea0.html]
[aerospaceengineeringblog.com/contact/index4fbe.html]
[aerospaceengineeringblog.com/wp-content/uploads/2018/02/Untitled.png]
[aerospaceengineeringblog.com/contact/indexa09d.html]
[aerospaceengineeringblog.com/contact/index6faa.html]
[aerospaceengineeringblog.com/contact/index3914.html]
[www.paypalobjects.com/en_US/i/btn/btn_donate_LG.77.delayed]
[aerospaceengineeringblog.com/contact/index006f.html]
[aerospaceengineeringblog.com/contact/indexeaed.html]
[aerospaceengineeringblog.com/contact/index76bb.html]
[www.paypalobjects.com/en_US/i/scr/pixel.gif]
[aerospaceengineeringblog.com/aerospace-engineering-podcast/index.html]
[aerospaceengineeringblog.com/contact/index1a6e.html]
[aerospaceengineeringblog.com/contact/index89be.html]
[aerospaceengineeringblog.com/contact/index2888.html]
[aerospaceengineeringblog.com/contact/indexc46e.html]
[aerospaceengineeringblog.com/wp-json/wp/v2/pages/1320.json]
[aerospaceengineeringblog.com/contact/index8779.html]
[aerospaceengineeringblog.com/contact/index87ba.html]
[aerospaceengineeringblog.com/contact/index406b.html]
[aerospaceengineeringblog.com/wp-json/oembed/1.0/embed5e4d.json]
[aerospaceengineeringblog.com/contact/index0c64.html]
[aerospaceengineeringblog.com/contact/index88e2.html]
[aerospaceengineeringblog.com/wp-json/oembed/1.0/embedb25b]
[aerospaceengineeringblog.com/books/index.html]
[aerospaceengineeringblog.com/contact/index2da8.html]
[aerospaceengineeringblog.com/contact/index5450.html]
[aerospaceengineeringblog.com/contact/indexacac.html]
[aerospaceengineeringblog.com/contact/index60c6.html]
[aerospaceengineeringblog.com/wp-json/wp/v2/pages/1302.json]
[aerospaceengineeringblog.com/contact/index42b3.html]
[aerospaceengineeringblog.com/contact/index565e.html]
[aerospaceengineeringblog.com/contact/indexb7d0.html]
[aerospaceengineeringblog.com/contact/index3693.html]
[aerospaceengineeringblog.com/wp-json/oembed/1.0/embed3408.json]
[aerospaceengineeringblog.com/contact/index52d3.html]
[aerospaceengineeringblog.com/contact/indexc3a9.html]
[aerospaceengineeringblog.com/contact/index64ea.html]
[aerospaceengineeringblog.com/wp-json/oembed/1.0/embed6ed0]
[aerospaceengineeringblog.com/contact/index640e.html]
[aerospaceengineeringblog.com/contact/indexd54f.html]
[aerospaceengineeringblog.com/contact/index1333.html]
[aerospaceengineeringblog.com/wp-content/uploads/2016/01/General-Laminate-Analysis.xls]
[aerospaceengineeringblog.com/exosonic/index.html]
[aerospaceengineeringblog.com/wp-content/uploads/2016/01/CLAP.zip]
[aerospaceengineeringblog.com/momentus/index.html]
[aerospaceengineeringblog.com/downloads/index.html]
[aerospaceengineeringblog.com/support/index.html]
[aerospaceengineeringblog.com/anomalous/index.html]
[aerospaceengineeringblog.com/9t-labs/index.html]
[aerospaceengineeringblog.com/category/3d-printing/index.html]
[aerospaceengineeringblog.com/category/composite-materials/index.html]
[aerospaceengineeringblog.com/category/manufacturing/index.html]
[aerospaceengineeringblog.com/category/podcast/index.html]
[aerospaceengineeringblog.com/category/structural-efficiency/index.html]
